var map = "";
map += "#############WWooooo#";
map += "#..........U........#";
map += "#...C......U........#";
map += "#...W......U........#";
map += "#...W...............#";
map += "#...W...............#";
map += "#...C.....oo....o...#";
map += "#.......#...........#";
map += "#.......#...........#";
map += "#.......#...........#";
map += "#,,,....#.W...o.....#";
map += "#,,,......W...o.....#";
map += "#,,,......$$$$$.....#";
map += "#...................#";
map += "#...................#";
map += "#....T.T....T.T.....#";
map += "######X#....#X#.....#";

// var map = "";
// map += "#############..#oooo#";
// map += "#...........U..#....#";
// map += "#...C.......U.......#";
// map += "#...W.......U.......#";
// map += "#...W...............#";
// map += "#...W...............#";
// map += "#...C.....oo....o...,#";
// map += "#......##...........#";
// map += "#......##...........#";
// map += "#...................#";
// map += "#,,,......W...o.....#";
// map += "#,,,......W...o.....#";
// map += "#,,,......$$$$$.....#";
// map += "#...................#";
// map += "#...................#";
// map += "#....T.T....T.T.....#";
// map += "######X#....#X#.....#";

var chairPos1x = 14.5;
var chairPos1y = 5.5;

var chairPos2x = 13.8;
var chairPos2y = 5.5;

var tblPosX1 = 14.5;
var tblPosY1 = 6.5;

var tblPosX2 = 13.8;
var tblPosY2 = 6.5;

// cxxxc
// cxxxc

levelfile1 = {
  nMapHeight: 17,
  nMapWidth: 21,
  map: map,
  fPlayerX: 14.4,
  fPlayerY: 1.5,
  fPlayerA: 2.0,
  // fPlayerA: 4.7,
  exitsto: "levelfile2.map",
  color: "white",
  background: "black",
  sprites: {
    "Pogel":{
      "x": "13",
      "y": "5.5",
      "r": "2.0",
      "name": "P",
    },
    
    // Table 1
    "tbl1Leg1":{ "x": tblPosX1 - 0.25, "y": tblPosY1 - 0.25, "name": "tblLeg", },
    "tbl1Leg2":{ "x": tblPosX1 - 0.25, "y": tblPosY1 + 0.25, "name": "tblLeg", },
    "tbl1Leg3":{ "x": tblPosX1 + 0.25, "y": tblPosY1 - 0.25, "name": "tblLeg", },
    "tbl1Leg4":{ "x": tblPosX1 + 0.25, "y": tblPosY1 + 0.25, "name": "tblLeg", }, 
    "tbl1top10":{ "x": tblPosX1 + 0.3, "y": tblPosY1 - 0.3, "name": "tblTop", },
    "tbl1top20":{ "x": tblPosX1 + 0.3, "y": tblPosY1 - 0.2, "name": "tblTop", },
    "tbl1top30":{ "x": tblPosX1 + 0.3, "y": tblPosY1 - 0.1, "name": "tblTop", },
    "tbl1top40":{ "x": tblPosX1 + 0.3, "y": tblPosY1 + 0, "name": "tblTop", },
    "tbl1top50":{ "x": tblPosX1 + 0.3, "y": tblPosY1 + 0.1, "name": "tblTop", },
    "tbl1top60":{ "x": tblPosX1 + 0.3, "y": tblPosY1 + 0.2, "name": "tblTop", },
    "tbl1top70":{ "x": tblPosX1 + 0.3, "y": tblPosY1 + 0.3, "name": "tblTop", },
    "tbl1top1":{ "x": tblPosX1 + 0.2, "y": tblPosY1 - 0.3, "name": "tblTop", },
    "tbl1top2":{ "x": tblPosX1 + 0.2, "y": tblPosY1 - 0.2, "name": "tblTop", },
    "tbl1top3":{ "x": tblPosX1 + 0.2, "y": tblPosY1 - 0.1, "name": "tblTop", },
    "tbl1top4":{ "x": tblPosX1 + 0.2, "y": tblPosY1 + 0, "name": "tblTop", },
    "tbl1top5":{ "x": tblPosX1 + 0.2, "y": tblPosY1 + 0.1, "name": "tblTop", },
    "tbl1top6":{ "x": tblPosX1 + 0.2, "y": tblPosY1 + 0.2, "name": "tblTop", },
    "tbl1top7":{ "x": tblPosX1 + 0.2, "y": tblPosY1 + 0.3, "name": "tblTop", },
    "tbl1top12":{ "x": tblPosX1 + 0.1, "y": tblPosY1 - 0.3, "name": "tblTop", },
    "tbl1top22":{ "x": tblPosX1 + 0.1, "y": tblPosY1 - 0.2, "name": "tblTop", },
    "tbl1top32":{ "x": tblPosX1 + 0.1, "y": tblPosY1 - 0.1, "name": "tblTop", },
    "tbl1top42":{ "x": tblPosX1 + 0.1, "y": tblPosY1 + 0, "name": "tblTop", },
    "tbl1top52":{ "x": tblPosX1 + 0.1, "y": tblPosY1 + 0.1, "name": "tblTop", },
    "tbl1top62":{ "x": tblPosX1 + 0.1, "y": tblPosY1 + 0.2, "name": "tblTop", },
    "tbl1top72":{ "x": tblPosX1 + 0.1, "y": tblPosY1 + 0.3, "name": "tblTop", },
    "tbl1top13":{ "x": tblPosX1 + 0, "y": tblPosY1 - 0.3, "name": "tblTop", },
    "tbl1top23":{ "x": tblPosX1 + 0, "y": tblPosY1 - 0.2, "name": "tblTop", },
    "tbl1top33":{ "x": tblPosX1 + 0, "y": tblPosY1 - 0.1, "name": "tblTop", },
    "tbl1top43":{ "x": tblPosX1 + 0, "y": tblPosY1 + 0, "name": "tblTop", },
    "tbl1top53":{ "x": tblPosX1 + 0, "y": tblPosY1 + 0.1, "name": "tblTop", },
    "tbl1top63":{ "x": tblPosX1 + 0, "y": tblPosY1 + 0.2, "name": "tblTop", },
    "tbl1top73":{ "x": tblPosX1 + 0, "y": tblPosY1 + 0.3, "name": "tblTop", },
    "tbl1top14":{ "x": tblPosX1 - 0.1, "y": tblPosY1 - 0.3, "name": "tblTop", },
    "tbl1top24":{ "x": tblPosX1 - 0.1, "y": tblPosY1 - 0.2, "name": "tblTop", },
    "tbl1top34":{ "x": tblPosX1 - 0.1, "y": tblPosY1 - 0.1, "name": "tblTop", },
    "tbl1top44":{ "x": tblPosX1 - 0.1, "y": tblPosY1 + 0, "name": "tblTop", },
    "tbl1top54":{ "x": tblPosX1 - 0.1, "y": tblPosY1 + 0.1, "name": "tblTop", },
    "tbl1top64":{ "x": tblPosX1 - 0.1, "y": tblPosY1 + 0.2, "name": "tblTop", },
    "tbl1top74":{ "x": tblPosX1 - 0.1, "y": tblPosY1 + 0.3, "name": "tblTop", },
    "tbl1top15":{ "x": tblPosX1 - 0.2, "y": tblPosY1 - 0.3, "name": "tblTop", },
    "tbl1top25":{ "x": tblPosX1 - 0.2, "y": tblPosY1 - 0.2, "name": "tblTop", },
    "tbl1top35":{ "x": tblPosX1 - 0.2, "y": tblPosY1 - 0.1, "name": "tblTop", },
    "tbl1top45":{ "x": tblPosX1 - 0.2, "y": tblPosY1 + 0, "name": "tblTop", },
    "tbl1top55":{ "x": tblPosX1 - 0.2, "y": tblPosY1 + 0.1, "name": "tblTop", },
    "tbl1top65":{ "x": tblPosX1 - 0.2, "y": tblPosY1 + 0.2, "name": "tblTop", },
    "tbl1top75":{ "x": tblPosX1 - 0.2, "y": tblPosY1 + 0.3, "name": "tblTop", },
    "tbl1top16":{ "x": tblPosX1 - 0.3, "y": tblPosY1 - 0.3, "name": "tblTop", },
    "tbl1top26":{ "x": tblPosX1 - 0.3, "y": tblPosY1 - 0.2, "name": "tblTop", },
    "tbl1top36":{ "x": tblPosX1 - 0.3, "y": tblPosY1 - 0.1, "name": "tblTop", },
    "tbl1top46":{ "x": tblPosX1 - 0.3, "y": tblPosY1 + 0, "name": "tblTop", },
    "tbl1top56":{ "x": tblPosX1 - 0.3, "y": tblPosY1 + 0.1, "name": "tblTop", },
    "tbl1top66":{ "x": tblPosX1 - 0.3, "y": tblPosY1 + 0.2, "name": "tblTop", },
    "tbl1top76":{ "x": tblPosX1 - 0.3, "y": tblPosY1 + 0.3, "name": "tblTop", },   
    
    // Table 2
    "tbl2Leg1":{ "x": tblPosX2 - 0.25, "y": tblPosY2 - 0.25, "name": "tblLeg", },
    "tbl2Leg2":{ "x": tblPosX2 - 0.25, "y": tblPosY2 + 0.25, "name": "tblLeg", },
    "tbl2Leg3":{ "x": tblPosX2 + 0.25, "y": tblPosY2 - 0.25, "name": "tblLeg", },
    "tbl2Leg4":{ "x": tblPosX2 + 0.25, "y": tblPosY2 + 0.25, "name": "tblLeg", }, 
    "tbl2top10":{ "x": tblPosX2 + 0.3, "y": tblPosY2 - 0.3, "name": "tblTop", },
    "tbl2top20":{ "x": tblPosX2 + 0.3, "y": tblPosY2 - 0.2, "name": "tblTop", },
    "tbl2top30":{ "x": tblPosX2 + 0.3, "y": tblPosY2 - 0.1, "name": "tblTop", },
    "tbl2top40":{ "x": tblPosX2 + 0.3, "y": tblPosY2 + 0, "name": "tblTop", },
    "tbl2top50":{ "x": tblPosX2 + 0.3, "y": tblPosY2 + 0.1, "name": "tblTop", },
    "tbl2top60":{ "x": tblPosX2 + 0.3, "y": tblPosY2 + 0.2, "name": "tblTop", },
    "tbl2top70":{ "x": tblPosX2 + 0.3, "y": tblPosY2 + 0.3, "name": "tblTop", },
    "tbl2top1":{ "x": tblPosX2 + 0.2, "y": tblPosY2 - 0.3, "name": "tblTop", },
    "tbl2top2":{ "x": tblPosX2 + 0.2, "y": tblPosY2 - 0.2, "name": "tblTop", },
    "tbl2top3":{ "x": tblPosX2 + 0.2, "y": tblPosY2 - 0.1, "name": "tblTop", },
    "tbl2top4":{ "x": tblPosX2 + 0.2, "y": tblPosY2 + 0, "name": "tblTop", },
    "tbl2top5":{ "x": tblPosX2 + 0.2, "y": tblPosY2 + 0.1, "name": "tblTop", },
    "tbl2top6":{ "x": tblPosX2 + 0.2, "y": tblPosY2 + 0.2, "name": "tblTop", },
    "tbl2top7":{ "x": tblPosX2 + 0.2, "y": tblPosY2 + 0.3, "name": "tblTop", },
    "tbl2top12":{ "x": tblPosX2 + 0.1, "y": tblPosY2 - 0.3, "name": "tblTop", },
    "tbl2top22":{ "x": tblPosX2 + 0.1, "y": tblPosY2 - 0.2, "name": "tblTop", },
    "tbl2top32":{ "x": tblPosX2 + 0.1, "y": tblPosY2 - 0.1, "name": "tblTop", },
    "tbl2top42":{ "x": tblPosX2 + 0.1, "y": tblPosY2 + 0, "name": "tblTop", },
    "tbl2top52":{ "x": tblPosX2 + 0.1, "y": tblPosY2 + 0.1, "name": "tblTop", },
    "tbl2top62":{ "x": tblPosX2 + 0.1, "y": tblPosY2 + 0.2, "name": "tblTop", },
    "tbl2top72":{ "x": tblPosX2 + 0.1, "y": tblPosY2 + 0.3, "name": "tblTop", },
    "tbl2top13":{ "x": tblPosX2 + 0, "y": tblPosY2 - 0.3, "name": "tblTop", },
    "tbl2top23":{ "x": tblPosX2 + 0, "y": tblPosY2 - 0.2, "name": "tblTop", },
    "tbl2top33":{ "x": tblPosX2 + 0, "y": tblPosY2 - 0.1, "name": "tblTop", },
    "tbl2top43":{ "x": tblPosX2 + 0, "y": tblPosY2 + 0, "name": "tblTop", },
    "tbl2top53":{ "x": tblPosX2 + 0, "y": tblPosY2 + 0.1, "name": "tblTop", },
    "tbl2top63":{ "x": tblPosX2 + 0, "y": tblPosY2 + 0.2, "name": "tblTop", },
    "tbl2top73":{ "x": tblPosX2 + 0, "y": tblPosY2 + 0.3, "name": "tblTop", },
    "tbl2top14":{ "x": tblPosX2 - 0.1, "y": tblPosY2 - 0.3, "name": "tblTop", },
    "tbl2top24":{ "x": tblPosX2 - 0.1, "y": tblPosY2 - 0.2, "name": "tblTop", },
    "tbl2top34":{ "x": tblPosX2 - 0.1, "y": tblPosY2 - 0.1, "name": "tblTop", },
    "tbl2top44":{ "x": tblPosX2 - 0.1, "y": tblPosY2 + 0, "name": "tblTop", },
    "tbl2top54":{ "x": tblPosX2 - 0.1, "y": tblPosY2 + 0.1, "name": "tblTop", },
    "tbl2top64":{ "x": tblPosX2 - 0.1, "y": tblPosY2 + 0.2, "name": "tblTop", },
    "tbl2top74":{ "x": tblPosX2 - 0.1, "y": tblPosY2 + 0.3, "name": "tblTop", },
    "tbl2top15":{ "x": tblPosX2 - 0.2, "y": tblPosY2 - 0.3, "name": "tblTop", },
    "tbl2top25":{ "x": tblPosX2 - 0.2, "y": tblPosY2 - 0.2, "name": "tblTop", },
    "tbl2top35":{ "x": tblPosX2 - 0.2, "y": tblPosY2 - 0.1, "name": "tblTop", },
    "tbl2top45":{ "x": tblPosX2 - 0.2, "y": tblPosY2 + 0, "name": "tblTop", },
    "tbl2top55":{ "x": tblPosX2 - 0.2, "y": tblPosY2 + 0.1, "name": "tblTop", },
    "tbl2top65":{ "x": tblPosX2 - 0.2, "y": tblPosY2 + 0.2, "name": "tblTop", },
    "tbl2top75":{ "x": tblPosX2 - 0.2, "y": tblPosY2 + 0.3, "name": "tblTop", },
    "tbl2top16":{ "x": tblPosX2 - 0.3, "y": tblPosY2 - 0.3, "name": "tblTop", },
    "tbl2top26":{ "x": tblPosX2 - 0.3, "y": tblPosY2 - 0.2, "name": "tblTop", },
    "tbl2top36":{ "x": tblPosX2 - 0.3, "y": tblPosY2 - 0.1, "name": "tblTop", },
    "tbl2top46":{ "x": tblPosX2 - 0.3, "y": tblPosY2 + 0, "name": "tblTop", },
    "tbl2top56":{ "x": tblPosX2 - 0.3, "y": tblPosY2 + 0.1, "name": "tblTop", },
    "tbl2top66":{ "x": tblPosX2 - 0.3, "y": tblPosY2 + 0.2, "name": "tblTop", },
    "tbl2top76":{ "x": tblPosX2 - 0.3, "y": tblPosY2 + 0.3, "name": "tblTop", },
  
    // Chair 1
    "ch1BaLe1":{ "x": chairPos1x - 0.2, "y": chairPos1y - 0.2, "name": "chBaLe", },
    "ch1BaLe2":{ "x": chairPos1x + 0.2, "y": chairPos1y - 0.2, "name": "chBaLe", },
    "ch1BaSp1":{ "x": chairPos1x - 0.1, "y": chairPos1y - 0.2, "name": "chBaSp", },
    "ch1BaSp2":{ "x": chairPos1x + 0.0, "y": chairPos1y - 0.2, "name": "chBaSp", },
    "ch1BaSp3":{ "x": chairPos1x + 0.1, "y": chairPos1y - 0.2, "name": "chBaSp", },
    "ch1St1":{ "x": chairPos1x -0.2, "y": chairPos1y - 0.1, "name": "chSt", },
    "ch1St2":{ "x": chairPos1x -0.1, "y": chairPos1y - 0.1, "name": "chSt", },
    "ch1St3":{ "x": chairPos1x +0.0, "y": chairPos1y - 0.1, "name": "chSt", },
    "ch1St4":{ "x": chairPos1x +0.1, "y": chairPos1y - 0.1, "name": "chSt", },
    "ch1St5":{ "x": chairPos1x +0.2, "y": chairPos1y - 0.1, "name": "chSt", },
    "ch1St11":{ "x": chairPos1x -0.2, "y": chairPos1y + 0.0, "name": "chSt", },
    "ch1St12":{ "x": chairPos1x -0.1, "y": chairPos1y + 0.0, "name": "chSt", },
    "ch1St13":{ "x": chairPos1x +0.0, "y": chairPos1y + 0.0, "name": "chSt", },
    "ch1St14":{ "x": chairPos1x +0.1, "y": chairPos1y + 0.0, "name": "chSt", },
    "ch1St15":{ "x": chairPos1x +0.2, "y": chairPos1y + 0.0, "name": "chSt", },
    "ch1St21":{ "x": chairPos1x -0.2, "y": chairPos1y + 0.1, "name": "chSt", },
    "ch1St22":{ "x": chairPos1x -0.1, "y": chairPos1y + 0.1, "name": "chSt", },
    "ch1St23":{ "x": chairPos1x +0.0, "y": chairPos1y + 0.1, "name": "chSt", },
    "ch1St24":{ "x": chairPos1x +0.1, "y": chairPos1y + 0.1, "name": "chSt", },
    "ch1St25":{ "x": chairPos1x +0.2, "y": chairPos1y + 0.1, "name": "chSt", },
    "ch1FrLe1":{ "x": chairPos1x - 0.2, "y": chairPos1y + 0.2, "name": "chFrLe", },
    "ch1FrLe2":{ "x": chairPos1x + 0.2, "y": chairPos1y + 0.2, "name": "chFrLe", },
    "ch1FrSp1":{ "x": chairPos1x - 0.1, "y": chairPos1y + 0.2, "name": "chFrSp", },
    "ch1FrSp2":{ "x": chairPos1x + 0.0, "y": chairPos1y + 0.2, "name": "chFrSp", },
    "ch1FrSp3":{ "x": chairPos1x + 0.1, "y": chairPos1y + 0.2, "name": "chFrSp", },
    // Chair 2
    "ch2BaLe1":{ "x": chairPos2x - 0.2, "y": chairPos2y - 0.2, "name": "chBaLe", },
    "ch2BaLe2":{ "x": chairPos2x + 0.2, "y": chairPos2y - 0.2, "name": "chBaLe", },
    "ch2BaSp1":{ "x": chairPos2x - 0.1, "y": chairPos2y - 0.2, "name": "chBaSp", },
    "ch2BaSp2":{ "x": chairPos2x + 0.0, "y": chairPos2y - 0.2, "name": "chBaSp", },
    "ch2BaSp3":{ "x": chairPos2x + 0.1, "y": chairPos2y - 0.2, "name": "chBaSp", },
    "ch2St1":{ "x": chairPos2x -0.2, "y": chairPos2y - 0.1, "name": "chSt", },
    "ch2St2":{ "x": chairPos2x -0.1, "y": chairPos2y - 0.1, "name": "chSt", },
    "ch2St3":{ "x": chairPos2x +0.0, "y": chairPos2y - 0.1, "name": "chSt", },
    "ch2St4":{ "x": chairPos2x +0.1, "y": chairPos2y - 0.1, "name": "chSt", },
    "ch2St5":{ "x": chairPos2x +0.2, "y": chairPos2y - 0.1, "name": "chSt", },
    "ch2St11":{ "x": chairPos2x -0.2, "y": chairPos2y + 0.0, "name": "chSt", },
    "ch2St12":{ "x": chairPos2x -0.1, "y": chairPos2y + 0.0, "name": "chSt", },
    "ch2St13":{ "x": chairPos2x +0.0, "y": chairPos2y + 0.0, "name": "chSt", },
    "ch2St14":{ "x": chairPos2x +0.1, "y": chairPos2y + 0.0, "name": "chSt", },
    "ch2St15":{ "x": chairPos2x +0.2, "y": chairPos2y + 0.0, "name": "chSt", },
    "ch2St21":{ "x": chairPos2x -0.2, "y": chairPos2y + 0.1, "name": "chSt", },
    "ch2St22":{ "x": chairPos2x -0.1, "y": chairPos2y + 0.1, "name": "chSt", },
    "ch2St23":{ "x": chairPos2x +0.0, "y": chairPos2y + 0.1, "name": "chSt", },
    "ch2St24":{ "x": chairPos2x +0.1, "y": chairPos2y + 0.1, "name": "chSt", },
    "ch2St25":{ "x": chairPos2x +0.2, "y": chairPos2y + 0.1, "name": "chSt", },
    "ch2FrLe1":{ "x": chairPos2x - 0.2, "y": chairPos2y + 0.2, "name": "chFrLe", },
    "ch2FrLe2":{ "x": chairPos2x + 0.2, "y": chairPos2y + 0.2, "name": "chFrLe", },
    "ch2FrSp1":{ "x": chairPos2x - 0.1, "y": chairPos2y + 0.2, "name": "chFrSp", },
    "ch2FrSp2":{ "x": chairPos2x + 0.0, "y": chairPos2y + 0.2, "name": "chFrSp", },
    "ch2FrSp3":{ "x": chairPos2x + 0.1, "y": chairPos2y + 0.2, "name": "chFrSp", },
  },
  // sprites: "autogen",
};
