var map = "";
map += "#############WWooooo#";
map += "#..........U........#";
map += "#...C......U........#";
map += "#...W......U........#";
map += "#...W...............#";
map += "#...W...............#";
map += "#...C.....oo....o...#";
map += "#.......#...........#";
map += "#.......#...........#";
map += "#.......#...........#";
map += "#,,,....#.W...o.....#";
map += "#,,,......W...o.....#";
map += "#,,,......$$$$$.....#";
map += "#...................#";
map += "#...................#";
map += "#....T.T....T.T.....#";
map += "######X#....#X#.....#";

// var map = "";
// map += "#############..#oooo#";
// map += "#...........U..#....#";
// map += "#...C.......U.......#";
// map += "#...W.......U.......#";
// map += "#...W...............#";
// map += "#...W...............#";
// map += "#...C.....oo....o...,#";
// map += "#......##...........#";
// map += "#......##...........#";
// map += "#...................#";
// map += "#,,,......W...o.....#";
// map += "#,,,......W...o.....#";
// map += "#,,,......$$$$$.....#";
// map += "#...................#";
// map += "#...................#";
// map += "#....T.T....T.T.....#";
// map += "######X#....#X#.....#";

var chairPos1x = 14.5;
var chairPos1y = 5.5;

var chairPos2x = 13.8;
var chairPos2y = 5.5;

var tblPosX1 = 14.5;
var tblPosY1 = 6.5;

var tblPosX2 = 13.8;
var tblPosY2 = 6.5;

// cxxxc
// cxxxc

levelfile1 = {
  nMapHeight: 17,
  nMapWidth: 21,
  map: map,
  fPlayerX: 14.4,
  fPlayerY: 1.5,
  fPlayerA: 2.0,
  // fPlayerA: 4.7,
  exitsto: "levelfile2.map",
  color: "white",
  background: "black",
  sprites: {
    "Pogel":{
      "x": 12,
      "y": 5.5,
      "r": 2.0,
      "name": "P",
    },

    // Voxels
    "Chair":{
      "x": 14,
      "y": 5,
      "r": 1.2,
      "name": "chair",
    },
    "Chair2":{
      "x": 13,
      "y": 5,
      "r": 1.2,
      "name": "chair",
    },
    "Table":{
      "x": 14,
      "y": 6,
      "r": 1.2,
      "name": "table",
    },
  }
};
