var map = "";
map += "......................";
map += ".#,,#,,#,,oo,,###,,##.";
map += ".,.....#......#.....,.";
map += ".,..................,.";
map += ".#.....#......#.....,.";
map += ".,.....#......#C....#.";
map += ".,.....#......#C....,.";
map += ".,.....#......#.....,.";
map += ".#######......#######.";
map += ".,.....#......#.....,.";
map += ".,..................,.";
map += ".#.....#......#.....#.";
map += ".,.....#......#C....,.";
map += ".,.....#......#.....,.";
map += ".#######......#.....#.";
map += ".,.....#......#.....,.";
map += ".,.....#......#.....,.";
map += ".#.....#......#######.";
map += ".,..................,.";
map += ".,.....#......#.....,.";
map += ".#.....#......#C....#.";
map += ".,.....#......#C....,.";
map += ".,.....#......#.....,.";
map += ".#,,#,,#,,oo,,###,,##.";
map += "......................";

sgg = {
  nMapHeight: 25,
  nMapWidth: 22,
  map: map,
  fPlayerX: 12.0,
  fPlayerY: 3.0,
  fPlayerA: 1.5,
  exitsto: "levelfile2.map",
  color: "white",
  background: "black",
  sprites: {
    "1": {
      "x": 14.0,
      "y": 3.5,
      "r": 2.0,
      "name": "P",
    },
    "ch1": {
      "x": 3,
      "y": 3,
      "name": "chair",
    },
    "ch2": {
      "x": 3.8,
      "y": 3,
      "name": "chair",
    },
    "ch3": {
      "x": 3,
      "y": 5,
      "name": "chair",
    },
    "ch4": {
      "x": 3.7,
      "y": 4.8,
      "name": "chair",
    },
  },
};